

================================================================
== Vitis HLS Report for 'matrixmul'
================================================================
* Date:           Sun Mar 27 14:52:16 2022

* Version:        2021.2 (Build 3367213 on Tue Oct 19 02:48:09 MDT 2021)
* Project:        Design_Optimization
* Solution:       solution1 (Vivado IP Flow Target)
* Product family: zynq
* Target device:  xc7z020-clg400-1


================================================================
== Performance Estimates
================================================================
+ Timing: 
    * Summary: 
    +--------+----------+----------+------------+
    |  Clock |  Target  | Estimated| Uncertainty|
    +--------+----------+----------+------------+
    |ap_clk  |  10.00 ns|  6.270 ns|     2.70 ns|
    +--------+----------+----------+------------+

+ Latency: 
    * Summary: 
    +---------+---------+----------+----------+-----+-----+---------+
    |  Latency (cycles) |  Latency (absolute) |  Interval | Pipeline|
    |   min   |   max   |    min   |    max   | min | max |   Type  |
    +---------+---------+----------+----------+-----+-----+---------+
    |       24|       24|  0.240 us|  0.240 us|   25|   25|       no|
    +---------+---------+----------+----------+-----+-----+---------+

    + Detail: 
        * Instance: 
        N/A

        * Loop: 
        +-----------+---------+---------+----------+-----------+-----------+------+----------+
        |           |  Latency (cycles) | Iteration|  Initiation Interval  | Trip |          |
        | Loop Name |   min   |   max   |  Latency |  achieved |   target  | Count| Pipelined|
        +-----------+---------+---------+----------+-----------+-----------+------+----------+
        |- Row_Col  |       22|       22|         7|          2|          1|     9|       yes|
        +-----------+---------+---------+----------+-----------+-----------+------+----------+



================================================================
== Utilization Estimates
================================================================
* Summary: 
+-----------------+---------+-----+--------+-------+-----+
|       Name      | BRAM_18K| DSP |   FF   |  LUT  | URAM|
+-----------------+---------+-----+--------+-------+-----+
|DSP              |        -|    2|       -|      -|    -|
|Expression       |        -|    -|       0|    152|    -|
|FIFO             |        -|    -|       -|      -|    -|
|Instance         |        -|    0|       0|     41|    -|
|Memory           |        -|    -|       -|      -|    -|
|Multiplexer      |        -|    -|       -|    168|    -|
|Register         |        -|    -|     117|     32|    -|
+-----------------+---------+-----+--------+-------+-----+
|Total            |        0|    2|     117|    393|    0|
+-----------------+---------+-----+--------+-------+-----+
|Available        |      280|  220|  106400|  53200|    0|
+-----------------+---------+-----+--------+-------+-----+
|Utilization (%)  |        0|   ~0|      ~0|     ~0|    0|
+-----------------+---------+-----+--------+-------+-----+

+ Detail: 
    * Instance: 
    +---------------------+------------------+---------+----+---+----+-----+
    |       Instance      |      Module      | BRAM_18K| DSP| FF| LUT| URAM|
    +---------------------+------------------+---------+----+---+----+-----+
    |mul_8s_8s_16_1_1_U1  |mul_8s_8s_16_1_1  |        0|   0|  0|  41|    0|
    +---------------------+------------------+---------+----+---+----+-----+
    |Total                |                  |        0|   0|  0|  41|    0|
    +---------------------+------------------+---------+----+---+----+-----+

    * DSP: 
    +---------------------------------+------------------------------+--------------+
    |             Instance            |            Module            |  Expression  |
    +---------------------------------+------------------------------+--------------+
    |mac_muladd_8s_8s_16ns_16_4_1_U3  |mac_muladd_8s_8s_16ns_16_4_1  |  i0 + i1 * i2|
    |mac_muladd_8s_8s_16s_16_4_1_U2   |mac_muladd_8s_8s_16s_16_4_1   |  i0 + i1 * i2|
    +---------------------------------+------------------------------+--------------+

    * Memory: 
    N/A

    * FIFO: 
    N/A

    * Expression: 
    +-------------------------+----------+----+---+----+------------+------------+
    |      Variable Name      | Operation| DSP| FF| LUT| Bitwidth P0| Bitwidth P1|
    +-------------------------+----------+----+---+----+------------+------------+
    |add_ln54_1_fu_329_p2     |         +|   0|  0|  13|           4|           1|
    |add_ln54_2_fu_339_p2     |         +|   0|  0|  13|           4|           2|
    |add_ln54_3_fu_206_p2     |         +|   0|  0|  13|           4|           1|
    |add_ln54_fu_215_p2       |         +|   0|  0|  10|           2|           1|
    |add_ln56_fu_308_p2       |         +|   0|  0|  10|           2|           1|
    |add_ln57_fu_302_p2       |         +|   0|  0|   7|           4|           4|
    |add_ln60_2_fu_352_p2     |         +|   0|  0|  11|           3|           2|
    |add_ln60_3_fu_291_p2     |         +|   0|  0|  13|           4|           3|
    |sub_ln57_fu_273_p2       |         -|   0|  0|   7|           4|           4|
    |sub_ln60_1_fu_247_p2     |         -|   0|  0|  13|           4|           4|
    |sub_ln60_fu_194_p2       |         -|   0|  0|  13|           4|           4|
    |ap_condition_189         |       and|   0|  0|   2|           1|           1|
    |icmp_ln54_fu_200_p2      |      icmp|   0|  0|   9|           4|           4|
    |icmp_ln56_fu_221_p2      |      icmp|   0|  0|   8|           2|           2|
    |select_ln54_1_fu_253_p3  |    select|   0|  0|   2|           1|           2|
    |select_ln54_2_fu_279_p3  |    select|   0|  0|   4|           1|           4|
    |select_ln54_fu_227_p3    |    select|   0|  0|   2|           1|           1|
    |ap_enable_pp0            |       xor|   0|  0|   2|           1|           2|
    +-------------------------+----------+----+---+----+------------+------------+
    |Total                    |          |   0|  0| 152|          50|          43|
    +-------------------------+----------+----+---+----+------------+------------+

    * Multiplexer: 
    +--------------------------------------+----+-----------+-----+-----------+
    |                 Name                 | LUT| Input Size| Bits| Total Bits|
    +--------------------------------------+----+-----------+-----+-----------+
    |a_address0                            |  14|          3|    4|         12|
    |ap_NS_fsm                             |  14|          3|    1|          3|
    |ap_done_int                           |   9|          2|    1|          2|
    |ap_enable_reg_pp0_iter0               |   9|          2|    1|          2|
    |ap_enable_reg_pp0_iter1               |   9|          2|    1|          2|
    |ap_enable_reg_pp0_iter3               |   9|          2|    1|          2|
    |ap_loop_exit_ready_pp0_iter1_reg      |   9|          2|    1|          2|
    |ap_loop_exit_ready_pp0_iter2_reg      |   9|          2|    1|          2|
    |ap_sig_allocacmp_i_1                  |   9|          2|    2|          4|
    |ap_sig_allocacmp_indvar_flatten_load  |   9|          2|    4|          8|
    |ap_sig_allocacmp_j_load               |   9|          2|    2|          4|
    |b_address0                            |  14|          3|    4|         12|
    |i_fu_64                               |   9|          2|    2|          4|
    |indvar_flatten_fu_68                  |   9|          2|    4|          8|
    |j_fu_60                               |   9|          2|    2|          4|
    |reg_151                               |   9|          2|    8|         16|
    |reg_156                               |   9|          2|    8|         16|
    +--------------------------------------+----+-----------+-----+-----------+
    |Total                                 | 168|         37|   47|        103|
    +--------------------------------------+----+-----------+-----+-----------+

    * Register: 
    +----------------------------------+----+----+-----+-----------+
    |               Name               | FF | LUT| Bits| Const Bits|
    +----------------------------------+----+----+-----+-----------+
    |add_ln57_reg_464                  |   4|   0|    4|          0|
    |ap_CS_fsm                         |   2|   0|    2|          0|
    |ap_done_reg                       |   1|   0|    1|          0|
    |ap_enable_reg_pp0_iter0_reg       |   1|   0|    1|          0|
    |ap_enable_reg_pp0_iter1           |   1|   0|    1|          0|
    |ap_enable_reg_pp0_iter2           |   1|   0|    1|          0|
    |ap_enable_reg_pp0_iter3           |   1|   0|    1|          0|
    |ap_loop_exit_ready_pp0_iter1_reg  |   1|   0|    1|          0|
    |ap_loop_exit_ready_pp0_iter2_reg  |   1|   0|    1|          0|
    |b_load_reg_509                    |   8|   0|    8|          0|
    |i_fu_64                           |   2|   0|    2|          0|
    |icmp_ln54_reg_442                 |   1|   0|    1|          0|
    |icmp_ln54_reg_442_pp0_iter1_reg   |   1|   0|    1|          0|
    |indvar_flatten_fu_68              |   4|   0|    4|          0|
    |j_fu_60                           |   2|   0|    2|          0|
    |reg_151                           |   8|   0|    8|          0|
    |reg_156                           |   8|   0|    8|          0|
    |select_ln54_2_reg_452             |   4|   0|    4|          0|
    |select_ln54_reg_446               |   2|   0|    2|          0|
    |add_ln57_reg_464                  |  64|  32|    4|          0|
    +----------------------------------+----+----+-----+-----------+
    |Total                             | 117|  32|   57|          0|
    +----------------------------------+----+----+-----+-----------+



================================================================
== Interface
================================================================
* Summary: 
+-------------------+-----+-----+------------+--------------+--------------+
|     RTL Ports     | Dir | Bits|  Protocol  | Source Object|    C Type    |
+-------------------+-----+-----+------------+--------------+--------------+
|ap_local_block     |  out|    1|  ap_ctrl_hs|     matrixmul|  return value|
|ap_local_deadlock  |  out|    1|  ap_ctrl_hs|     matrixmul|  return value|
|ap_clk             |   in|    1|  ap_ctrl_hs|     matrixmul|  return value|
|ap_rst             |   in|    1|  ap_ctrl_hs|     matrixmul|  return value|
|ap_start           |   in|    1|  ap_ctrl_hs|     matrixmul|  return value|
|ap_done            |  out|    1|  ap_ctrl_hs|     matrixmul|  return value|
|ap_idle            |  out|    1|  ap_ctrl_hs|     matrixmul|  return value|
|ap_ready           |  out|    1|  ap_ctrl_hs|     matrixmul|  return value|
|a_address0         |  out|    4|   ap_memory|             a|         array|
|a_ce0              |  out|    1|   ap_memory|             a|         array|
|a_q0               |   in|    8|   ap_memory|             a|         array|
|a_address1         |  out|    4|   ap_memory|             a|         array|
|a_ce1              |  out|    1|   ap_memory|             a|         array|
|a_q1               |   in|    8|   ap_memory|             a|         array|
|b_address0         |  out|    4|   ap_memory|             b|         array|
|b_ce0              |  out|    1|   ap_memory|             b|         array|
|b_q0               |   in|    8|   ap_memory|             b|         array|
|b_address1         |  out|    4|   ap_memory|             b|         array|
|b_ce1              |  out|    1|   ap_memory|             b|         array|
|b_q1               |   in|    8|   ap_memory|             b|         array|
|res_address0       |  out|    4|   ap_memory|           res|         array|
|res_ce0            |  out|    1|   ap_memory|           res|         array|
|res_we0            |  out|    1|   ap_memory|           res|         array|
|res_d0             |  out|   16|   ap_memory|           res|         array|
+-------------------+-----+-----+------------+--------------+--------------+

