

================================================================
== Vitis HLS Report for 'hls_real2xfft'
================================================================
* Date:           Wed Mar 30 03:33:15 2022

* Version:        2021.2 (Build 3367213 on Tue Oct 19 02:48:09 MDT 2021)
* Project:        fft
* Solution:       solution1 (Vivado IP Flow Target)
* Product family: zynq
* Target device:  xc7z020-clg484-1


================================================================
== Performance Estimates
================================================================
+ Timing: 
    * Summary: 
    +--------+----------+----------+------------+
    |  Clock |  Target  | Estimated| Uncertainty|
    +--------+----------+----------+------------+
    |ap_clk  |  10.00 ns|  7.175 ns|     2.70 ns|
    +--------+----------+----------+------------+

+ Latency: 
    * Summary: 
    +---------+---------+----------+----------+-----+-----+----------+
    |  Latency (cycles) |  Latency (absolute) |  Interval | Pipeline |
    |   min   |   max   |    min   |    max   | min | max |   Type   |
    +---------+---------+----------+----------+-----+-----+----------+
    |      520|      521|  5.200 us|  5.210 us|  512|  512|  dataflow|
    +---------+---------+----------+----------+-----+-----+----------+

    + Detail: 
        * Instance: 
        +-----------------------------------------------------------------------------------+----------------------------------------------------------------------------------+---------+---------+----------+----------+-----+-----+------------------------------------------+
        |                                                                                   |                                                                                  |  Latency (cycles) |  Latency (absolute) |  Interval |                 Pipeline                 |
        |                                      Instance                                     |                                      Module                                      |   min   |   max   |    min   |    max   | min | max |                   Type                   |
        +-----------------------------------------------------------------------------------+----------------------------------------------------------------------------------+---------+---------+----------+----------+-----+-----+------------------------------------------+
        |Loop_sliding_win_delay_proc1_U0                                                    |Loop_sliding_win_delay_proc1                                                      |      512|      513|  5.120 us|  5.130 us|  512|  512|  loop rewind stp(delay=0 clock cycles(s))|
        |Loop_sliding_win_output_proc2_U0                                                   |Loop_sliding_win_output_proc2                                                     |      513|      514|  5.130 us|  5.140 us|  512|  512|  loop rewind stp(delay=0 clock cycles(s))|
        |window_fn_ap_fixed_16_1_5_3_0_ap_fixed_16_1_5_3_0_ap_fixed_16_1_5_0_0_1024_2_2_U0  |window_fn_ap_fixed_16_1_5_3_0_ap_fixed_16_1_5_3_0_ap_fixed_16_1_5_0_0_1024_2_2_s  |      515|      516|  5.150 us|  5.160 us|  512|  512|  loop rewind stp(delay=0 clock cycles(s))|
        |Loop_real2xfft_output_proc3_U0                                                     |Loop_real2xfft_output_proc3                                                       |      512|      513|  5.120 us|  5.130 us|  512|  512|  loop rewind stp(delay=0 clock cycles(s))|
        +-----------------------------------------------------------------------------------+----------------------------------------------------------------------------------+---------+---------+----------+----------+-----+-----+------------------------------------------+

        * Loop: 
        N/A



================================================================
== Utilization Estimates
================================================================
* Summary: 
+-----------------+---------+-----+--------+-------+-----+
|       Name      | BRAM_18K| DSP |   FF   |  LUT  | URAM|
+-----------------+---------+-----+--------+-------+-----+
|DSP              |        -|    -|       -|      -|    -|
|Expression       |        -|    -|       0|      2|    -|
|FIFO             |        4|    -|    1028|    576|    -|
|Instance         |        2|    2|     284|    639|    -|
|Memory           |        -|    -|       -|      -|    -|
|Multiplexer      |        -|    -|       -|      -|    -|
|Register         |        -|    -|       -|      -|    -|
+-----------------+---------+-----+--------+-------+-----+
|Total            |        6|    2|    1312|   1217|    0|
+-----------------+---------+-----+--------+-------+-----+
|Available        |      280|  220|  106400|  53200|    0|
+-----------------+---------+-----+--------+-------+-----+
|Utilization (%)  |        2|   ~0|       1|      2|    0|
+-----------------+---------+-----+--------+-------+-----+

+ Detail: 
    * Instance: 
    +-----------------------------------------------------------------------------------+----------------------------------------------------------------------------------+---------+----+-----+-----+-----+
    |                                      Instance                                     |                                      Module                                      | BRAM_18K| DSP|  FF | LUT | URAM|
    +-----------------------------------------------------------------------------------+----------------------------------------------------------------------------------+---------+----+-----+-----+-----+
    |Loop_real2xfft_output_proc3_U0                                                     |Loop_real2xfft_output_proc3                                                       |        0|   0|   25|  117|    0|
    |Loop_sliding_win_delay_proc1_U0                                                    |Loop_sliding_win_delay_proc1                                                      |        0|   0|  105|  176|    0|
    |Loop_sliding_win_output_proc2_U0                                                   |Loop_sliding_win_output_proc2                                                     |        0|   0|   61|  181|    0|
    |window_fn_ap_fixed_16_1_5_3_0_ap_fixed_16_1_5_3_0_ap_fixed_16_1_5_0_0_1024_2_2_U0  |window_fn_ap_fixed_16_1_5_3_0_ap_fixed_16_1_5_3_0_ap_fixed_16_1_5_0_0_1024_2_2_s  |        2|   2|   93|  165|    0|
    +-----------------------------------------------------------------------------------+----------------------------------------------------------------------------------+---------+----+-----+-----+-----+
    |Total                                                                              |                                                                                  |        2|   2|  284|  639|    0|
    +-----------------------------------------------------------------------------------+----------------------------------------------------------------------------------+---------+----+-----+-----+-----+

    * DSP: 
    N/A

    * Memory: 
    N/A

    * FIFO: 
    +-------------------+---------+-----+----+-----+------+-----+---------+
    |        Name       | BRAM_18K|  FF | LUT| URAM| Depth| Bits| Size:D*B|
    +-------------------+---------+-----+----+-----+------+-----+---------+
    |data2window_V_2_U  |        0|   99|   0|    -|     3|   16|       48|
    |data2window_V_U    |        0|   99|   0|    -|     3|   16|       48|
    |delayed_V_1_U      |        1|  157|   0|    -|   130|   16|     2080|
    |delayed_V_U        |        1|  157|   0|    -|   130|   16|     2080|
    |nodelay_V_1_U      |        1|  159|   0|    -|   258|   16|     4128|
    |nodelay_V_U        |        1|  159|   0|    -|   258|   16|     4128|
    |windowed_V_1_U     |        0|   99|   0|    -|     2|   16|       32|
    |windowed_V_U       |        0|   99|   0|    -|     2|   16|       32|
    +-------------------+---------+-----+----+-----+------+-----+---------+
    |Total              |        4| 1028|   0|    0|   786|  128|    12576|
    +-------------------+---------+-----+----+-----+------+-----+---------+

    * Expression: 
    +--------------+----------+----+---+----+------------+------------+
    | Variable Name| Operation| DSP| FF| LUT| Bitwidth P0| Bitwidth P1|
    +--------------+----------+----+---+----+------------+------------+
    |ap_idle       |       and|   0|  0|   2|           1|           1|
    +--------------+----------+----+---+----+------------+------------+
    |Total         |          |   0|  0|   2|           1|           1|
    +--------------+----------+----+---+----+------------+------------+

    * Multiplexer: 
    N/A

    * Register: 
    N/A



================================================================
== Interface
================================================================
* Summary: 
+-------------------+-----+-----+------------+---------------+--------------+
|     RTL Ports     | Dir | Bits|  Protocol  | Source Object |    C Type    |
+-------------------+-----+-----+------------+---------------+--------------+
|ap_local_block     |  out|    1|  ap_ctrl_hs|  hls_real2xfft|  return value|
|ap_local_deadlock  |  out|    1|  ap_ctrl_hs|  hls_real2xfft|  return value|
|ap_clk             |   in|    1|  ap_ctrl_hs|  hls_real2xfft|  return value|
|ap_rst_n           |   in|    1|  ap_ctrl_hs|  hls_real2xfft|  return value|
|ap_start           |   in|    1|  ap_ctrl_hs|  hls_real2xfft|  return value|
|ap_done            |  out|    1|  ap_ctrl_hs|  hls_real2xfft|  return value|
|ap_ready           |  out|    1|  ap_ctrl_hs|  hls_real2xfft|  return value|
|ap_idle            |  out|    1|  ap_ctrl_hs|  hls_real2xfft|  return value|
|din_TDATA          |   in|   16|        axis|            din|       pointer|
|din_TVALID         |   in|    1|        axis|            din|       pointer|
|din_TREADY         |  out|    1|        axis|            din|       pointer|
|dout_TDATA         |  out|   48|        axis|           dout|       pointer|
|dout_TVALID        |  out|    1|        axis|           dout|       pointer|
|dout_TREADY        |   in|    1|        axis|           dout|       pointer|
+-------------------+-----+-----+------------+---------------+--------------+

